2025-12-13 17:57:52 - [32minfo[39m: Creating configuration file...
2025-12-13 17:57:52 - [32minfo[39m: Adding new script(s) in package.json...
2025-12-13 17:57:52 - [32minfo[39m: Setup completed
2025-12-13 18:30:06 - [32minfo[39m: Reading configs from /Users/macbodya/my-first-repo/lesson19/browserstack.yml
2025-12-13 18:30:06 - [32minfo[39m: Log Directory has been set to /Users/macbodya/my-first-repo/lesson19/log
2025-12-13 18:30:06 - [32minfo[39m: Log Directory has been set to /Users/macbodya/my-first-repo/lesson19/log
2025-12-13 18:30:06 - [32minfo[39m: Running SDK with args /Users/macbodya/.nvm/versions/node/v22.19.0/bin/node /Users/macbodya/my-first-repo/lesson19/node_modules/.bin/browserstack-node-sdk playwright test
2025-12-13 18:30:06 - [32minfo[39m: SDK run started with id: 4f06a148-6e6f-4026-bbef-a0a1dd2d560a
2025-12-13 18:30:06 - [32minfo[39m: Project and debug logs are captured by default. To disable, set disableAutoCaptureLogs: true in config.
2025-12-13 18:30:10 - [31merror[39m: Error: LocalError: Couldn't find binary file
    at BrowserStackSetup.setupBrowserstackLocal (/Users/macbodya/my-first-repo/lesson19/node_modules/browserstack-node-sdk/src/helpers/BrowserStackSetup.js:1:17751)
    at process.processTicksAndRejections (node:internal/process/task_queues:105:5)
    at async BrowserStackSetup.initialize (/Users/macbodya/my-first-repo/lesson19/node_modules/browserstack-node-sdk/src/helpers/BrowserStackSetup.js:1:15098)
    at async /Users/macbodya/my-first-repo/lesson19/node_modules/browserstack-node-sdk/src/bin/playwright/command.js:2:12625
2025-12-13 18:30:06 - [32minfo[39m: Running SDK with args /Users/macbodya/.nvm/versions/node/v22.19.0/bin/node /Users/macbodya/my-first-repo/lesson19/node_modules/.bin/browserstack-node-sdk playwright test
2025-12-13 18:30:06 - [32minfo[39m: SDK run started with id: 4f06a148-6e6f-4026-bbef-a0a1dd2d560a
2025-12-13 18:30:06 - [32minfo[39m: Project and debug logs are captured by default. To disable, set disableAutoCaptureLogs: true in config.
2025-12-13 18:30:10 - [31merror[39m: Error: LocalError: Couldn't find binary file
    at BrowserStackSetup.setupBrowserstackLocal (/Users/macbodya/my-first-repo/lesson19/node_modules/browserstack-node-sdk/src/helpers/BrowserStackSetup.js:1:17751)
    at process.processTicksAndRejections (node:internal/process/task_queues:105:5)
    at async BrowserStackSetup.initialize (/Users/macbodya/my-first-repo/lesson19/node_modules/browserstack-node-sdk/src/helpers/BrowserStackSetup.js:1:15098)
    at async /Users/macbodya/my-first-repo/lesson19/node_modules/browserstack-node-sdk/src/bin/playwright/command.js:2:12625
2025-12-13 18:30:11 - [32minfo[39m: [BrowserstackCLI] stop: CLI is not running, skipping stop
2025-12-13 18:30:11 - [32minfo[39m: [BrowserstackCLI] stop: CLI is not running, skipping stop
2025-12-13 18:30:11 - [32minfo[39m: [BrowserstackCLI] stop: CLI is not running, skipping stop
2025-12-13 18:30:11 - [32minfo[39m: [BrowserstackCLI] stop: CLI is not running, skipping stop
2025-12-13 18:30:11 - [32minfo[39m: key-metrics.json file not found, skipping processing for event for cli.
2025-12-13 18:30:11 - [32minfo[39m: key-metrics.json file not found, skipping processing for event for cli.
2025-12-13 18:40:09 - [32minfo[39m: Reading configs from /Users/macbodya/my-first-repo/lesson19/browserstack.yml
2025-12-13 18:40:09 - [32minfo[39m: Log Directory has been set to /Users/macbodya/my-first-repo/lesson19/log
2025-12-13 18:40:09 - [32minfo[39m: Log Directory has been set to /Users/macbodya/my-first-repo/lesson19/log
2025-12-13 18:40:09 - [32minfo[39m: Running SDK with args /Users/macbodya/.nvm/versions/node/v22.19.0/bin/node /Users/macbodya/my-first-repo/lesson19/node_modules/.bin/browserstack-node-sdk playwright test
2025-12-13 18:40:09 - [32minfo[39m: SDK run started with id: 2060afe0-86e1-4d8b-b9aa-36fef06c5ad6
2025-12-13 18:40:09 - [32minfo[39m: Running SDK with args /Users/macbodya/.nvm/versions/node/v22.19.0/bin/node /Users/macbodya/my-first-repo/lesson19/node_modules/.bin/browserstack-node-sdk playwright test
2025-12-13 18:40:09 - [32minfo[39m: SDK run started with id: 2060afe0-86e1-4d8b-b9aa-36fef06c5ad6
2025-12-13 18:40:13 - [32minfo[39m: [BrowserstackCLI] startMain: Starting main process
2025-12-13 18:40:13 - [32minfo[39m: [BrowserstackCLI] startMain: Starting main process
2025-12-13 18:40:13 - [32minfo[39m: [CLIUtils] Current CLI Path Found: 
2025-12-13 18:40:13 - [32minfo[39m: [CLIUtils] Current CLI Path Found: 
2025-12-13 18:40:13 - [31merror[39m: [BrowserstackCLI] CLIUtils.setupCliPath returned null
2025-12-13 18:40:13 - [31merror[39m: [BrowserstackCLI] CLIUtils.setupCliPath returned null
2025-12-13 18:40:13 - [31merror[39m: [BrowserstackCLI] bootstrap: failed to bootstrap=Error: Failed to get CLI binary path. CLI setup failed.
    at BrowserstackCLI.start (/Users/macbodya/my-first-repo/lesson19/node_modules/browserstack-node-sdk/src/bin/v2/browserstackCLI.js:1:12256)
    at process.processTicksAndRejections (node:internal/process/task_queues:105:5)
    at async BrowserstackCLI.startMain (/Users/macbodya/my-first-repo/lesson19/node_modules/browserstack-node-sdk/src/bin/v2/browserstackCLI.js:1:7435)
    at async BrowserstackCLI.bootstrap (/Users/macbodya/my-first-repo/lesson19/node_modules/browserstack-node-sdk/src/bin/v2/browserstackCLI.js:1:6931)
    at async /Users/macbodya/my-first-repo/lesson19/node_modules/browserstack-node-sdk/src/bin/playwright/command.js:2:12867
2025-12-13 18:40:13 - [32minfo[39m: [BrowserstackCLI] stop: CLI is not running, skipping stop
2025-12-13 18:40:13 - [31merror[39m: [BrowserstackCLI] bootstrap: failed to bootstrap=Error: Failed to get CLI binary path. CLI setup failed.
    at BrowserstackCLI.start (/Users/macbodya/my-first-repo/lesson19/node_modules/browserstack-node-sdk/src/bin/v2/browserstackCLI.js:1:12256)
    at process.processTicksAndRejections (node:internal/process/task_queues:105:5)
    at async BrowserstackCLI.startMain (/Users/macbodya/my-first-repo/lesson19/node_modules/browserstack-node-sdk/src/bin/v2/browserstackCLI.js:1:7435)
    at async BrowserstackCLI.bootstrap (/Users/macbodya/my-first-repo/lesson19/node_modules/browserstack-node-sdk/src/bin/v2/browserstackCLI.js:1:6931)
    at async /Users/macbodya/my-first-repo/lesson19/node_modules/browserstack-node-sdk/src/bin/playwright/command.js:2:12867
2025-12-13 18:40:13 - [32minfo[39m: [BrowserstackCLI] stop: CLI is not running, skipping stop
2025-12-13 18:40:16 - [31merror[39m: Access to BrowserStack denied due to incorrect credentials.
2025-12-13 18:40:16 - [31merror[39m: Access to BrowserStack denied due to incorrect credentials.
2025-12-13 18:40:16 - [32minfo[39m: [BrowserstackCLI] startMain: Starting main process
2025-12-13 18:40:17 - [32minfo[39m: [CLIUtils] Current CLI Path Found: 
2025-12-13 18:40:17 - [31merror[39m: [BrowserstackCLI] CLIUtils.setupCliPath returned null
2025-12-13 18:40:17 - [31merror[39m: [BrowserstackCLI] bootstrap: failed to bootstrap=Error: Failed to get CLI binary path. CLI setup failed.
    at BrowserstackCLI.start (/Users/macbodya/my-first-repo/lesson19/node_modules/browserstack-node-sdk/src/bin/v2/browserstackCLI.js:1:12256)
    at processTicksAndRejections (node:internal/process/task_queues:105:5)
    at BrowserstackCLI.startMain (/Users/macbodya/my-first-repo/lesson19/node_modules/browserstack-node-sdk/src/bin/v2/browserstackCLI.js:1:7435)
    at BrowserstackCLI.bootstrap (/Users/macbodya/my-first-repo/lesson19/node_modules/browserstack-node-sdk/src/bin/v2/browserstackCLI.js:1:6931)
    at Object.modifyConfig [as _modifyPlaywright] (/Users/macbodya/my-first-repo/lesson19/node_modules/browserstack-node-sdk/src/bin/playwright/modifyPlaywrightConf.js:1:23021)
    at loadConfig (/Users/macbodya/my-first-repo/lesson19/node_modules/playwright/lib/common/configLoader.js:119:22)
    at loadConfigFromFile (/Users/macbodya/my-first-repo/lesson19/node_modules/playwright/lib/common/configLoader.js:331:10)
    at runTests (/Users/macbodya/my-first-repo/lesson19/node_modules/playwright/lib/program.js:197:18)
    at r.<anonymous> (/Users/macbodya/my-first-repo/lesson19/node_modules/playwright/lib/program.js:70:7)
2025-12-13 18:40:17 - [32minfo[39m: [BrowserstackCLI] stop: CLI is not running, skipping stop
2025-12-13 18:40:17 - [32minfo[39m: Setting up TestInfo directory at /Users/macbodya/my-first-repo/lesson19/log/.obs_test_details-default
2025-12-13 18:40:18 - [32minfo[39m: [BrowserstackCLI] startMain: Starting main process
2025-12-13 18:40:18 - [32minfo[39m: [CLIUtils] Current CLI Path Found: 
2025-12-13 18:40:18 - [31merror[39m: [BrowserstackCLI] CLIUtils.setupCliPath returned null
2025-12-13 18:40:18 - [31merror[39m: [BrowserstackCLI] bootstrap: failed to bootstrap=Error: Failed to get CLI binary path. CLI setup failed.
    at BrowserstackCLI.start (/Users/macbodya/my-first-repo/lesson19/node_modules/browserstack-node-sdk/src/bin/v2/browserstackCLI.js:1:12256)
    at processTicksAndRejections (node:internal/process/task_queues:105:5)
    at BrowserstackCLI.startMain (/Users/macbodya/my-first-repo/lesson19/node_modules/browserstack-node-sdk/src/bin/v2/browserstackCLI.js:1:7435)
    at BrowserstackCLI.bootstrap (/Users/macbodya/my-first-repo/lesson19/node_modules/browserstack-node-sdk/src/bin/v2/browserstackCLI.js:1:6931)
    at Object.modifyConfig [as _modifyPlaywright] (/Users/macbodya/my-first-repo/lesson19/node_modules/browserstack-node-sdk/src/bin/playwright/modifyPlaywrightConf.js:1:23021)
    at loadConfig (/Users/macbodya/my-first-repo/lesson19/node_modules/playwright/lib/common/configLoader.js:119:22)
    at deserializeConfig (/Users/macbodya/my-first-repo/lesson19/node_modules/playwright/lib/common/configLoader.js:104:10)
    at WorkerMain._loadIfNeeded (/Users/macbodya/my-first-repo/lesson19/node_modules/playwright/lib/worker/workerMain.js:169:20)
    at WorkerMain.runTestGroup (/Users/macbodya/my-first-repo/lesson19/node_modules/playwright/lib/worker/workerMain.js:182:7)
    at process.<anonymous> (/Users/macbodya/my-first-repo/lesson19/node_modules/playwright/lib/common/process.js:65:22)
2025-12-13 18:40:18 - [32minfo[39m: [BrowserstackCLI] stop: CLI is not running, skipping stop
2025-12-13 18:40:24 - [32minfo[39m: [BrowserstackCLI] stop: CLI is not running, skipping stop
2025-12-13 18:40:24 - [32minfo[39m: [BrowserstackCLI] stop: CLI is not running, skipping stop
2025-12-13 18:40:25 - [31merror[39m: Error while getting build link. Error: HTTP Basic: Access denied.

2025-12-13 18:40:25 - [31merror[39m: Error while getting build link. Error: HTTP Basic: Access denied.

2025-12-13 18:40:25 - [32minfo[39m: SDK run ended for id: 2060afe0-86e1-4d8b-b9aa-36fef06c5ad6, testhub id: undefined
2025-12-13 18:40:25 - [32minfo[39m: SDK run ended for id: 2060afe0-86e1-4d8b-b9aa-36fef06c5ad6, testhub id: undefined
2025-12-13 18:40:27 - [32minfo[39m: Deleting /Users/macbodya/my-first-repo/lesson19/playwright-browserstack-sdk.config.ts
2025-12-13 18:40:27 - [32minfo[39m: Deleting /Users/macbodya/my-first-repo/lesson19/playwright-browserstack-sdk.config.ts
2025-12-13 18:56:24 - [32minfo[39m: Reading configs from /Users/macbodya/my-first-repo/lesson19/browserstack.yml
2025-12-13 18:56:24 - [32minfo[39m: Log Directory has been set to /Users/macbodya/my-first-repo/lesson19/log
2025-12-13 18:56:24 - [32minfo[39m: Log Directory has been set to /Users/macbodya/my-first-repo/lesson19/log
2025-12-13 18:56:24 - [32minfo[39m: Running SDK with args /Users/macbodya/.nvm/versions/node/v22.19.0/bin/node /Users/macbodya/my-first-repo/lesson19/node_modules/.bin/browserstack-node-sdk playwright test
2025-12-13 18:56:24 - [32minfo[39m: SDK run started with id: 472a0e86-d37b-4473-b058-9d71acb17298
2025-12-13 18:56:24 - [32minfo[39m: Running SDK with args /Users/macbodya/.nvm/versions/node/v22.19.0/bin/node /Users/macbodya/my-first-repo/lesson19/node_modules/.bin/browserstack-node-sdk playwright test
2025-12-13 18:56:24 - [32minfo[39m: SDK run started with id: 472a0e86-d37b-4473-b058-9d71acb17298
2025-12-13 18:56:27 - [32minfo[39m: [BrowserstackCLI] startMain: Starting main process
2025-12-13 18:56:27 - [32minfo[39m: [BrowserstackCLI] startMain: Starting main process
2025-12-13 18:56:27 - [32minfo[39m: [CLIUtils] Current CLI Path Found: 
2025-12-13 18:56:27 - [32minfo[39m: [CLIUtils] Current CLI Path Found: 
2025-12-13 18:56:37 - [32minfo[39m: [BrowserstackCLI] spawning command='/Users/macbodya/.browserstack/cli/binary-macos-arm64,sdk'
2025-12-13 18:56:37 - [32minfo[39m: [BrowserstackCLI] spawning command='/Users/macbodya/.browserstack/cli/binary-macos-arm64,sdk'
2025-12-13 18:56:39 - [32minfo[39m: [BrowserstackCLI] CLI params loaded: {"id":"bc41db51-b0fd-49b0-a2a9-ef6d2c43b1c8","listen":"unix:/tmp/sdk-platform-bc41db51-b0fd-49b0-a2a9-ef6d2c43b1c8.sock"}
2025-12-13 18:56:39 - [32minfo[39m: [BrowserstackCLI] CLI params loaded: {"id":"bc41db51-b0fd-49b0-a2a9-ef6d2c43b1c8","listen":"unix:/tmp/sdk-platform-bc41db51-b0fd-49b0-a2a9-ef6d2c43b1c8.sock"}
2025-12-13 18:56:39 - [32minfo[39m: [GrpcClient] Connected to gRPC server at unix:/tmp/sdk-platform-bc41db51-b0fd-49b0-a2a9-ef6d2c43b1c8.sock
2025-12-13 18:56:39 - [32minfo[39m: [GrpcClient] Initialized gRPC client with bin session id: bc41db51-b0fd-49b0-a2a9-ef6d2c43b1c8 and listen address: unix:/tmp/sdk-platform-bc41db51-b0fd-49b0-a2a9-ef6d2c43b1c8.sock
2025-12-13 18:56:39 - [32minfo[39m: [GrpcClient] startBinSession: Calling startBinSession
2025-12-13 18:56:39 - [32minfo[39m: [GrpcClient] setCliArgs: cliArgs=["playwright","test"], parsedConfig=[]
2025-12-13 18:56:39 - [32minfo[39m: [GrpcClient] Connected to gRPC server at unix:/tmp/sdk-platform-bc41db51-b0fd-49b0-a2a9-ef6d2c43b1c8.sock
2025-12-13 18:56:39 - [32minfo[39m: [GrpcClient] Initialized gRPC client with bin session id: bc41db51-b0fd-49b0-a2a9-ef6d2c43b1c8 and listen address: unix:/tmp/sdk-platform-bc41db51-b0fd-49b0-a2a9-ef6d2c43b1c8.sock
2025-12-13 18:56:39 - [32minfo[39m: [GrpcClient] startBinSession: Calling startBinSession
2025-12-13 18:56:39 - [32minfo[39m: [GrpcClient] setCliArgs: cliArgs=["playwright","test"], parsedConfig=[]
2025-12-13 18:56:59 - [32minfo[39m: [GrpcClient] StartBinSession successful
2025-12-13 18:56:59 - [32minfo[39m: [GrpcClient] StartBinSession successful
2025-12-13 18:56:59 - [32minfo[39m: [BrowserstackCLI] loadModules: Loading modules
2025-12-13 18:56:59 - [32minfo[39m: [BrowserstackCLI] loadModules: binSessionId=bc41db51-b0fd-49b0-a2a9-ef6d2c43b1c8
2025-12-13 18:56:59 - [32minfo[39m: [BrowserstackCLI] loading Modules.
2025-12-13 18:56:59 - [32minfo[39m: [BrowserstackCLI] setCliArgs: cliArgs=["playwright","test"]
2025-12-13 18:56:59 - [32minfo[39m: [BrowserstackCLI] Accessibility success=false
2025-12-13 18:56:59 - [32minfo[39m: [BrowserstackCLI] loadModules: Loading modules
2025-12-13 18:56:59 - [32minfo[39m: [BrowserstackCLI] loadModules: binSessionId=bc41db51-b0fd-49b0-a2a9-ef6d2c43b1c8
2025-12-13 18:56:59 - [32minfo[39m: [BrowserstackCLI] loading Modules.
2025-12-13 18:56:59 - [32minfo[39m: [BrowserstackCLI] setCliArgs: cliArgs=["playwright","test"]
2025-12-13 18:56:59 - [32minfo[39m: [BrowserstackCLI] Accessibility success=false
2025-12-13 18:56:59 - [32minfo[39m: [BrowserstackCLI] Starting as child process with session ID: bc41db51-b0fd-49b0-a2a9-ef6d2c43b1c8
2025-12-13 18:56:59 - [32minfo[39m: [GrpcClient] Connected to gRPC server at unix:/tmp/sdk-platform-bc41db51-b0fd-49b0-a2a9-ef6d2c43b1c8.sock
2025-12-13 18:56:59 - [32minfo[39m: [GrpcClient] Connecting bin session
2025-12-13 18:56:59 - [32minfo[39m: [GrpcClient] ConnectBinSession successful
2025-12-13 18:56:59 - [32minfo[39m: [BrowserstackCLI] loadModules: Loading modules
2025-12-13 18:56:59 - [32minfo[39m: [BrowserstackCLI] loadModules: binSessionId=bc41db51-b0fd-49b0-a2a9-ef6d2c43b1c8
2025-12-13 18:56:59 - [32minfo[39m: [BrowserstackCLI] loading Modules.
2025-12-13 18:56:59 - [32minfo[39m: [BrowserstackCLI] Accessibility success=false
2025-12-13 18:56:59 - [32minfo[39m: Setting up TestInfo directory at /Users/macbodya/my-first-repo/lesson19/log/.obs_test_details-default
2025-12-13 18:56:59 - [32minfo[39m: [PlaywrightTestFramework] trackPlaywrightInstance: created instance for target=69094:0, state=TestFrameworkState.INIT_TEST
2025-12-13 18:56:59 - [32minfo[39m: [PlaywrightTestFramework] trackPlaywrightInstance: saved instance contextId=4ba20b44f7e21c22f049ad6bfce2b53b4cb774f1976ae6198850c5d4e2c05446 target=69094:0
2025-12-13 18:57:00 - [32minfo[39m: [BrowserstackCLI] Starting as child process with session ID: bc41db51-b0fd-49b0-a2a9-ef6d2c43b1c8
2025-12-13 18:57:00 - [32minfo[39m: [BrowserstackCLI] Starting as child process with session ID: bc41db51-b0fd-49b0-a2a9-ef6d2c43b1c8
2025-12-13 18:57:00 - [32minfo[39m: [GrpcClient] Connected to gRPC server at unix:/tmp/sdk-platform-bc41db51-b0fd-49b0-a2a9-ef6d2c43b1c8.sock
2025-12-13 18:57:00 - [32minfo[39m: [GrpcClient] Connecting bin session
2025-12-13 18:57:00 - [32minfo[39m: [GrpcClient] Connected to gRPC server at unix:/tmp/sdk-platform-bc41db51-b0fd-49b0-a2a9-ef6d2c43b1c8.sock
2025-12-13 18:57:00 - [32minfo[39m: [GrpcClient] Connecting bin session
2025-12-13 18:57:00 - [32minfo[39m: [GrpcClient] ConnectBinSession successful
2025-12-13 18:57:00 - [32minfo[39m: [GrpcClient] ConnectBinSession successful
2025-12-13 18:57:00 - [32minfo[39m: [BrowserstackCLI] loadModules: Loading modules
2025-12-13 18:57:00 - [32minfo[39m: [BrowserstackCLI] loadModules: binSessionId=bc41db51-b0fd-49b0-a2a9-ef6d2c43b1c8
2025-12-13 18:57:00 - [32minfo[39m: [BrowserstackCLI] loading Modules.
2025-12-13 18:57:00 - [32minfo[39m: [BrowserstackCLI] Accessibility success=false
2025-12-13 18:57:00 - [32minfo[39m: [BrowserstackCLI] loadModules: Loading modules
2025-12-13 18:57:00 - [32minfo[39m: [BrowserstackCLI] loadModules: binSessionId=bc41db51-b0fd-49b0-a2a9-ef6d2c43b1c8
2025-12-13 18:57:00 - [32minfo[39m: [BrowserstackCLI] loading Modules.
2025-12-13 18:57:00 - [32minfo[39m: [BrowserstackCLI] Accessibility success=false
2025-12-13 18:57:00 - [32minfo[39m: [BrowserstackCLI] Starting as child process with session ID: bc41db51-b0fd-49b0-a2a9-ef6d2c43b1c8
2025-12-13 18:57:00 - [32minfo[39m: [BrowserstackCLI] Starting as child process with session ID: bc41db51-b0fd-49b0-a2a9-ef6d2c43b1c8
2025-12-13 18:57:00 - [32minfo[39m: [GrpcClient] Sending TestFrameworkEvent
2025-12-13 18:57:00 - [32minfo[39m: [GrpcClient] Sending TestFrameworkEvent
2025-12-13 18:57:00 - [32minfo[39m: [GrpcClient] Sending TestFrameworkEvent
2025-12-13 18:57:00 - [32minfo[39m: [GrpcClient] Sending TestFrameworkEvent
2025-12-13 18:57:00 - [32minfo[39m: [GrpcClient] TestFrameworkEvent request successful
2025-12-13 18:57:00 - [32minfo[39m: [GrpcClient] TestFrameworkEvent request successful
2025-12-13 18:57:00 - [32minfo[39m: [GrpcClient] TestFrameworkEvent request successful
2025-12-13 18:57:00 - [32minfo[39m: [GrpcClient] TestFrameworkEvent request successful
2025-12-13 18:57:00 - [32minfo[39m: [BrowserstackCLI] startChild: client and channel already exist, stopping here
2025-12-13 18:57:00 - [32minfo[39m: [PlaywrightAutomationFramework] trackPlaywrightInstance: created instance for target=69102:0, state=AutomationFrameworkState.CREATE
2025-12-13 18:57:00 - [32minfo[39m: [PlaywrightAutomationFramework] trackPlaywrightInstance: saved instance contextId=ae658ed0f662ed3041f63b4c8e3b752c3c3ec83a8d2ed845ebe1524f6de7538d target=69102:0
2025-12-13 18:57:00 - [32minfo[39m: [BrowserstackCLI] startChild: client and channel already exist, stopping here
2025-12-13 18:57:00 - [32minfo[39m: [PlaywrightAutomationFramework] trackPlaywrightInstance: created instance for target=69101:0, state=AutomationFrameworkState.CREATE
2025-12-13 18:57:00 - [32minfo[39m: [PlaywrightAutomationFramework] trackPlaywrightInstance: saved instance contextId=2122ea8d674d7c83c53e89d12c8e6f5ec79619439cd538fdb4a7de43e9d10281 target=69101:0
2025-12-13 18:57:00 - [32minfo[39m: [PlaywrightAutomationFramework] trackPlaywrightInstance: instance already exists
2025-12-13 18:57:00 - [32minfo[39m: [PlaywrightAutomationFramework] trackPlaywrightInstance: instance already exists
2025-12-13 18:57:00 - [32minfo[39m: [GrpcClient] Sending DriverInit
2025-12-13 18:57:00 - [32minfo[39m: [GrpcClient] Sending DriverInit
2025-12-13 18:57:00 - [32minfo[39m: [GrpcClient] DriverInit request successful
2025-12-13 18:57:00 - [32minfo[39m: [GrpcClient] DriverInit request successful
2025-12-13 18:57:00 - [32minfo[39m: [PlaywrightAutomationFramework] trackPlaywrightInstance: instance already exists
2025-12-13 18:57:00 - [32minfo[39m: [PlaywrightAutomationFramework] trackPlaywrightInstance: instance already exists
2025-12-13 18:57:00 - [32minfo[39m: [PlaywrightAutomationFramework] trackPlaywrightInstance: instance already exists
2025-12-13 18:57:00 - [32minfo[39m: [GrpcClient] Sending TestSessionEvent
2025-12-13 18:57:00 - [32minfo[39m: [GrpcClient] TestSessionEvent request successful
2025-12-13 18:57:00 - [32minfo[39m: [ObservabilityModule] onBeforeTest: TEST REPORTING AND ANALYTICS sync done
2025-12-13 18:57:00 - [32minfo[39m: [PlaywrightAutomationFramework] trackPlaywrightInstance: instance already exists
2025-12-13 18:57:00 - [32minfo[39m: [GrpcClient] Sending TestSessionEvent
2025-12-13 18:57:00 - [32minfo[39m: [GrpcClient] TestSessionEvent request successful
2025-12-13 18:57:00 - [32minfo[39m: [ObservabilityModule] onBeforeTest: TEST REPORTING AND ANALYTICS sync done
2025-12-13 18:57:01 - [32minfo[39m: [GrpcClient] Sending LogCreatedEvent
2025-12-13 18:57:01 - [32minfo[39m: [GrpcClient] LogCreatedEvent request successful
2025-12-13 18:57:01 - [32minfo[39m: [GrpcClient] Sending TestFrameworkEvent
2025-12-13 18:57:01 - [32minfo[39m: [GrpcClient] TestFrameworkEvent request successful
2025-12-13 18:57:01 - [32minfo[39m: [GrpcClient] Sending LogCreatedEvent
2025-12-13 18:57:01 - [32minfo[39m: [GrpcClient] LogCreatedEvent request successful
2025-12-13 18:57:01 - [32minfo[39m: [GrpcClient] Sending TestFrameworkEvent
2025-12-13 18:57:01 - [32minfo[39m: [GrpcClient] TestFrameworkEvent request successful
2025-12-13 18:57:01 - [32minfo[39m: [PlaywrightAutomationFramework] trackPlaywrightInstance: instance already exists
2025-12-13 18:57:01 - [32minfo[39m: [GrpcClient] Sending TestSessionEvent
2025-12-13 18:57:01 - [32minfo[39m: [GrpcClient] TestSessionEvent request successful
2025-12-13 18:57:01 - [32minfo[39m: [ObservabilityModule] onBeforeTest: TEST REPORTING AND ANALYTICS sync done
2025-12-13 18:57:01 - [32minfo[39m: [PlaywrightAutomationFramework] trackPlaywrightInstance: instance already exists
2025-12-13 18:57:01 - [32minfo[39m: [GrpcClient] Sending TestSessionEvent
2025-12-13 18:57:01 - [32minfo[39m: getting screenshots results.
2025-12-13 18:57:01 - [32minfo[39m: [GrpcClient] TestSessionEvent request successful
2025-12-13 18:57:01 - [32minfo[39m: [ObservabilityModule] onBeforeTest: TEST REPORTING AND ANALYTICS sync done
2025-12-13 18:57:01 - [32minfo[39m: [GrpcClient] Sending LogCreatedEvent
2025-12-13 18:57:01 - [32minfo[39m: [GrpcClient] Sending TestFrameworkEvent
2025-12-13 18:57:01 - [32minfo[39m: [PlaywrightDriverModule] testId: 2de9cb50cb022a3f1ddd-64ce1bd17086ce18820d
2025-12-13 18:57:01 - [32minfo[39m: [PlaywrightDriverModule] testData from onAfterTest: {
  uuid: '26e6e7b4-8461-48d1-ad66-9e4bd4de688c',
  test_framework_name: 'Playwright',
  test_framework_version: '1.57.0',
  test_logs: [],
  test_hooks_finished: {},
  test_hooks_started: {},
  test_uuid: '26e6e7b4-8461-48d1-ad66-9e4bd4de688c',
  test_result: 'pending',
  automate_session_name: 'FopHELP header - Header is visible',
  test_file_path: '/Users/macbodya/my-first-repo/lesson19/tests/header.spec.ts',
  test_id: '2de9cb50cb022a3f1ddd-64ce1bd17086ce18820d',
  test_name: 'Header is visible',
  test_location: '/Users/macbodya/my-first-repo/lesson19/tests/header.spec.ts:12',
  test_code: 'async () => {\n' +
    '    (0, _test.expect)(await pageObject.header.isVisible()).toBeTruthy();\n' +
    '  }',
  test_tags: [],
  test_started_at: '2025-12-13T16:57:00.632Z',
  test_scope: 'FopHELP header - Header is visible',
  test_scopes: [ 'FopHELP header' ],
  test_rerun_name: ' chromium header.spec.ts FopHELP header Header is visible'
}
2025-12-13 18:57:01 - [32minfo[39m: [GrpcClient] Sending TestSessionEvent
2025-12-13 18:57:01 - [31merror[39m: [GrpcClient] TestSessionEvent error: 13 INTERNAL: Request message serialization failure: Failure: Type not convertible to Uint8Array.
2025-12-13 18:57:01 - [32minfo[39m: [GrpcClient] LogCreatedEvent request successful
2025-12-13 18:57:01 - [32minfo[39m: [GrpcClient] Sending TestFrameworkEvent
2025-12-13 18:57:01 - [32minfo[39m: [GrpcClient] TestFrameworkEvent request successful
2025-12-13 18:57:01 - [32minfo[39m: [GrpcClient] Sending TestFrameworkEvent
2025-12-13 18:57:01 - [32minfo[39m: [PlaywrightAutomationFramework] trackPlaywrightInstance: instance already exists
2025-12-13 18:57:01 - [32minfo[39m: [GrpcClient] Sending TestFrameworkEvent
2025-12-13 18:57:01 - [32minfo[39m: getting screenshots results.
2025-12-13 18:57:01 - [32minfo[39m: [GrpcClient] Sending LogCreatedEvent
2025-12-13 18:57:01 - [32minfo[39m: [GrpcClient] TestFrameworkEvent request successful
2025-12-13 18:57:01 - [32minfo[39m: [GrpcClient] TestFrameworkEvent request successful
2025-12-13 18:57:01 - [32minfo[39m: [PlaywrightDriverModule] testId: dc9d0eca95fa6a3de0a2-1329a7700379a79607e2
2025-12-13 18:57:01 - [32minfo[39m: [PlaywrightDriverModule] testData from onAfterTest: {
  uuid: '6a481ec0-bbf3-42a6-816c-7829ed698bd5',
  test_framework_name: 'Playwright',
  test_framework_version: '1.57.0',
  test_logs: [],
  test_hooks_finished: {},
  test_hooks_started: {},
  test_uuid: '6a481ec0-bbf3-42a6-816c-7829ed698bd5',
  test_result: 'pending',
  automate_session_name: 'FopHELP navigation menu - Main menu items are visible',
  test_file_path: '/Users/macbodya/my-first-repo/lesson19/tests/navigation.menu.spec.ts',
  test_id: 'dc9d0eca95fa6a3de0a2-1329a7700379a79607e2',
  test_name: 'Main menu items are visible',
  test_location: '/Users/macbodya/my-first-repo/lesson19/tests/navigation.menu.spec.ts:12',
  test_code: 'async () => {\n' +
    '    (0, _test.expect)(await pageObject.navigationMenu.isProfitsVisible()).toBeTruthy();\n' +
    '    (0, _test.expect)(await pageObject.navigationMenu.isExpensesVisible()).toBeTruthy();\n' +
    '    (0, _test.expect)(await pageObject.navigationMenu.isTaxesVisible()).toBeTruthy();\n' +
    '    (0, _test.expect)(await pageObject.navigationMenu.isReportsVisible()).toBeTruthy();\n' +
    '  }',
  test_tags: [],
  test_started_at: '2025-12-13T16:57:00.631Z',
  test_scope: 'FopHELP navigation menu - Main menu items are visible',
  test_scopes: [ 'FopHELP navigation menu' ],
  test_rerun_name: ' chromium navigation.menu.spec.ts FopHELP navigation menu Main menu items are visible'
}
2025-12-13 18:57:01 - [32minfo[39m: [GrpcClient] Sending TestSessionEvent
2025-12-13 18:57:01 - [31merror[39m: [GrpcClient] TestSessionEvent error: 13 INTERNAL: Request message serialization failure: Failure: Type not convertible to Uint8Array.
2025-12-13 18:57:01 - [32minfo[39m: [GrpcClient] TestFrameworkEvent request successful
2025-12-13 18:57:01 - [32minfo[39m: [GrpcClient] LogCreatedEvent request successful
2025-12-13 18:57:01 - [32minfo[39m: [GrpcClient] Sending TestFrameworkEvent
2025-12-13 18:57:01 - [32minfo[39m: [GrpcClient] Sending TestFrameworkEvent
2025-12-13 18:57:01 - [32minfo[39m: [GrpcClient] TestFrameworkEvent request successful
2025-12-13 18:57:01 - [32minfo[39m: [GrpcClient] TestFrameworkEvent request successful
2025-12-13 18:57:01 - [32minfo[39m: [PlaywrightAutomationFramework] trackPlaywrightInstance: instance already exists
2025-12-13 18:57:01 - [32minfo[39m: [PlaywrightAutomationFramework] trackPlaywrightInstance: instance already exists
2025-12-13 18:57:01 - [32minfo[39m: [GrpcClient] Sending TestSessionEvent
2025-12-13 18:57:01 - [32minfo[39m: [GrpcClient] TestSessionEvent request successful
2025-12-13 18:57:01 - [32minfo[39m: [ObservabilityModule] onBeforeTest: TEST REPORTING AND ANALYTICS sync done
2025-12-13 18:57:01 - [32minfo[39m: [PlaywrightAutomationFramework] trackPlaywrightInstance: instance already exists
2025-12-13 18:57:01 - [32minfo[39m: [GrpcClient] Sending TestSessionEvent
2025-12-13 18:57:01 - [32minfo[39m: [GrpcClient] TestSessionEvent request successful
2025-12-13 18:57:01 - [32minfo[39m: [ObservabilityModule] onBeforeTest: TEST REPORTING AND ANALYTICS sync done
2025-12-13 18:57:02 - [32minfo[39m: [GrpcClient] Sending LogCreatedEvent
2025-12-13 18:57:02 - [32minfo[39m: [GrpcClient] LogCreatedEvent request successful
2025-12-13 18:57:02 - [32minfo[39m: [GrpcClient] Sending TestFrameworkEvent
2025-12-13 18:57:02 - [32minfo[39m: [GrpcClient] TestFrameworkEvent request successful
2025-12-13 18:57:02 - [32minfo[39m: [GrpcClient] Sending LogCreatedEvent
2025-12-13 18:57:02 - [32minfo[39m: [GrpcClient] LogCreatedEvent request successful
2025-12-13 18:57:02 - [32minfo[39m: [GrpcClient] Sending TestFrameworkEvent
2025-12-13 18:57:02 - [32minfo[39m: [GrpcClient] TestFrameworkEvent request successful
2025-12-13 18:57:02 - [32minfo[39m: [PlaywrightAutomationFramework] trackPlaywrightInstance: instance already exists
2025-12-13 18:57:02 - [32minfo[39m: [GrpcClient] Sending TestSessionEvent
2025-12-13 18:57:02 - [32minfo[39m: [GrpcClient] TestSessionEvent request successful
2025-12-13 18:57:02 - [32minfo[39m: [ObservabilityModule] onBeforeTest: TEST REPORTING AND ANALYTICS sync done
2025-12-13 18:57:02 - [32minfo[39m: [PlaywrightDriverModule] testId: 2de9cb50cb022a3f1ddd-a867f40be46062c6d2c2
2025-12-13 18:57:02 - [32minfo[39m: [PlaywrightDriverModule] testData from onAfterTest: {
  uuid: '29f2a77d-d723-4c5a-a72e-8452f5d2c524',
  test_framework_name: 'Playwright',
  test_framework_version: '1.57.0',
  test_logs: [],
  test_hooks_finished: {},
  test_hooks_started: {},
  test_uuid: '29f2a77d-d723-4c5a-a72e-8452f5d2c524',
  test_result: 'pending',
  automate_session_name: 'FopHELP header - Title is correct',
  test_file_path: '/Users/macbodya/my-first-repo/lesson19/tests/header.spec.ts',
  test_id: '2de9cb50cb022a3f1ddd-a867f40be46062c6d2c2',
  test_name: 'Title is correct',
  test_location: '/Users/macbodya/my-first-repo/lesson19/tests/header.spec.ts:16',
  test_code: 'async () => {\n' +
    '    const text = await pageObject.header.getTitleText();\n' +
    "    (0, _test.expect)(text === null || text === void 0 ? void 0 : text.trim()).toBe('Ласкаво просимо до FOP Help');\n" +
    '  }',
  test_tags: [],
  test_started_at: '2025-12-13T16:57:01.544Z',
  test_scope: 'FopHELP header - Title is correct',
  test_scopes: [ 'FopHELP header' ],
  test_rerun_name: ' chromium header.spec.ts FopHELP header Title is correct'
}
2025-12-13 18:57:02 - [32minfo[39m: [GrpcClient] Sending TestSessionEvent
2025-12-13 18:57:02 - [31merror[39m: [GrpcClient] TestSessionEvent error: 13 INTERNAL: Request message serialization failure: Failure: Type not convertible to Uint8Array.
2025-12-13 18:57:02 - [32minfo[39m: getting screenshots results.
2025-12-13 18:57:02 - [32minfo[39m: [GrpcClient] Sending LogCreatedEvent
2025-12-13 18:57:02 - [32minfo[39m: [GrpcClient] LogCreatedEvent request successful
2025-12-13 18:57:02 - [32minfo[39m: [GrpcClient] Sending TestFrameworkEvent
2025-12-13 18:57:02 - [32minfo[39m: [GrpcClient] TestFrameworkEvent request successful
2025-12-13 18:57:02 - [32minfo[39m: [PlaywrightAutomationFramework] trackPlaywrightInstance: instance already exists
2025-12-13 18:57:02 - [32minfo[39m: [GrpcClient] Sending TestSessionEvent
2025-12-13 18:57:02 - [32minfo[39m: [GrpcClient] TestSessionEvent request successful
2025-12-13 18:57:02 - [32minfo[39m: [ObservabilityModule] onBeforeTest: TEST REPORTING AND ANALYTICS sync done
2025-12-13 18:57:02 - [32minfo[39m: [PlaywrightDriverModule] testId: dc9d0eca95fa6a3de0a2-595a70cd1b8c4c828195
2025-12-13 18:57:02 - [32minfo[39m: [PlaywrightDriverModule] testData from onAfterTest: {
  uuid: 'ded8a310-a969-414a-886e-327dea2ded20',
  test_framework_name: 'Playwright',
  test_framework_version: '1.57.0',
  test_logs: [],
  test_hooks_finished: {},
  test_hooks_started: {},
  test_uuid: 'ded8a310-a969-414a-886e-327dea2ded20',
  test_result: 'pending',
  automate_session_name: 'FopHELP navigation menu - Taxes dropdown has correct options',
  test_file_path: '/Users/macbodya/my-first-repo/lesson19/tests/navigation.menu.spec.ts',
  test_id: 'dc9d0eca95fa6a3de0a2-595a70cd1b8c4c828195',
  test_name: 'Taxes dropdown has correct options',
  test_location: '/Users/macbodya/my-first-repo/lesson19/tests/navigation.menu.spec.ts:19',
  test_code: 'async () => {\n' +
    '    await pageObject.navigationMenu.openTaxesDropdown();\n' +
    '    const options = await pageObject.navigationMenu.getTaxesOptionsText();\n' +
    "    (0, _test.expect)(options).toEqual(['Усі', 'Несплачені', 'Сплачені']);\n" +
    '  }',
  test_tags: [],
  test_started_at: '2025-12-13T16:57:01.556Z',
  test_scope: 'FopHELP navigation menu - Taxes dropdown has correct options',
  test_scopes: [ 'FopHELP navigation menu' ],
  test_rerun_name: ' chromium navigation.menu.spec.ts FopHELP navigation menu Taxes dropdown has correct options'
}
2025-12-13 18:57:02 - [32minfo[39m: [GrpcClient] Sending TestSessionEvent
2025-12-13 18:57:02 - [31merror[39m: [GrpcClient] TestSessionEvent error: 13 INTERNAL: Request message serialization failure: Failure: Type not convertible to Uint8Array.
2025-12-13 18:57:02 - [32minfo[39m: getting screenshots results.
2025-12-13 18:57:02 - [32minfo[39m: [GrpcClient] Sending LogCreatedEvent
2025-12-13 18:57:02 - [32minfo[39m: [GrpcClient] LogCreatedEvent request successful
2025-12-13 18:57:02 - [32minfo[39m: [GrpcClient] Sending TestFrameworkEvent
2025-12-13 18:57:02 - [32minfo[39m: [GrpcClient] TestFrameworkEvent request successful
2025-12-13 18:57:02 - [32minfo[39m: [BrowserstackCLI] Starting as child process with session ID: bc41db51-b0fd-49b0-a2a9-ef6d2c43b1c8
2025-12-13 18:57:02 - [32minfo[39m: [GrpcClient] Connected to gRPC server at unix:/tmp/sdk-platform-bc41db51-b0fd-49b0-a2a9-ef6d2c43b1c8.sock
2025-12-13 18:57:02 - [32minfo[39m: [GrpcClient] Connecting bin session
2025-12-13 18:57:02 - [32minfo[39m: [GrpcClient] ConnectBinSession successful
2025-12-13 18:57:02 - [32minfo[39m: [BrowserstackCLI] loadModules: Loading modules
2025-12-13 18:57:02 - [32minfo[39m: [BrowserstackCLI] loadModules: binSessionId=bc41db51-b0fd-49b0-a2a9-ef6d2c43b1c8
2025-12-13 18:57:02 - [32minfo[39m: [BrowserstackCLI] loading Modules.
2025-12-13 18:57:02 - [32minfo[39m: [BrowserstackCLI] Accessibility success=false
2025-12-13 18:57:02 - [32minfo[39m: [GrpcClient] Sending TestFrameworkEvent
2025-12-13 18:57:02 - [32minfo[39m: [GrpcClient] Sending TestFrameworkEvent
2025-12-13 18:57:02 - [32minfo[39m: [GrpcClient] TestFrameworkEvent request successful
2025-12-13 18:57:02 - [32minfo[39m: [GrpcClient] TestFrameworkEvent request successful
2025-12-13 18:57:02 - [32minfo[39m: [BrowserstackCLI] Starting as child process with session ID: bc41db51-b0fd-49b0-a2a9-ef6d2c43b1c8
2025-12-13 18:57:02 - [32minfo[39m: [BrowserstackCLI] Starting as child process with session ID: bc41db51-b0fd-49b0-a2a9-ef6d2c43b1c8
2025-12-13 18:57:02 - [32minfo[39m: [BrowserstackCLI] startChild: client and channel already exist, stopping here
2025-12-13 18:57:02 - [32minfo[39m: [PlaywrightAutomationFramework] trackPlaywrightInstance: created instance for target=69139:0, state=AutomationFrameworkState.CREATE
2025-12-13 18:57:02 - [32minfo[39m: [PlaywrightAutomationFramework] trackPlaywrightInstance: saved instance contextId=6817d980bf4dc047988b8f40435ea99fb588f847252efccd100ae9fe12100e72 target=69139:0
2025-12-13 18:57:02 - [32minfo[39m: [GrpcClient] Connected to gRPC server at unix:/tmp/sdk-platform-bc41db51-b0fd-49b0-a2a9-ef6d2c43b1c8.sock
2025-12-13 18:57:02 - [32minfo[39m: [GrpcClient] Connecting bin session
2025-12-13 18:57:02 - [32minfo[39m: [GrpcClient] ConnectBinSession successful
2025-12-13 18:57:02 - [32minfo[39m: [BrowserstackCLI] loadModules: Loading modules
2025-12-13 18:57:02 - [32minfo[39m: [BrowserstackCLI] loadModules: binSessionId=bc41db51-b0fd-49b0-a2a9-ef6d2c43b1c8
2025-12-13 18:57:02 - [32minfo[39m: [BrowserstackCLI] loading Modules.
2025-12-13 18:57:02 - [32minfo[39m: [BrowserstackCLI] Accessibility success=false
2025-12-13 18:57:02 - [32minfo[39m: [GrpcClient] Sending TestFrameworkEvent
2025-12-13 18:57:02 - [32minfo[39m: [GrpcClient] Sending TestFrameworkEvent
2025-12-13 18:57:02 - [32minfo[39m: [GrpcClient] TestFrameworkEvent request successful
2025-12-13 18:57:02 - [32minfo[39m: [GrpcClient] TestFrameworkEvent request successful
2025-12-13 18:57:02 - [32minfo[39m: [BrowserstackCLI] Starting as child process with session ID: bc41db51-b0fd-49b0-a2a9-ef6d2c43b1c8
2025-12-13 18:57:02 - [32minfo[39m: [BrowserstackCLI] startChild: client and channel already exist, stopping here
2025-12-13 18:57:03 - [32minfo[39m: [PlaywrightAutomationFramework] trackPlaywrightInstance: created instance for target=69140:0, state=AutomationFrameworkState.CREATE
2025-12-13 18:57:03 - [32minfo[39m: [PlaywrightAutomationFramework] trackPlaywrightInstance: saved instance contextId=5795730d156a0e7b44a7dc8a86bec49c21461979508d8238c50dbfd368a9202a target=69140:0
2025-12-13 18:57:03 - [32minfo[39m: [PlaywrightAutomationFramework] trackPlaywrightInstance: instance already exists
2025-12-13 18:57:03 - [32minfo[39m: [GrpcClient] Sending DriverInit
2025-12-13 18:57:03 - [32minfo[39m: [GrpcClient] DriverInit request successful
2025-12-13 18:57:03 - [32minfo[39m: [PlaywrightAutomationFramework] trackPlaywrightInstance: instance already exists
2025-12-13 18:57:03 - [32minfo[39m: [PlaywrightAutomationFramework] trackPlaywrightInstance: instance already exists
2025-12-13 18:57:03 - [32minfo[39m: [GrpcClient] Sending DriverInit
2025-12-13 18:57:03 - [32minfo[39m: [GrpcClient] DriverInit request successful
2025-12-13 18:57:03 - [32minfo[39m: [PlaywrightAutomationFramework] trackPlaywrightInstance: instance already exists
2025-12-13 18:57:03 - [32minfo[39m: [PlaywrightAutomationFramework] trackPlaywrightInstance: instance already exists
2025-12-13 18:57:03 - [32minfo[39m: [GrpcClient] Sending TestSessionEvent
2025-12-13 18:57:03 - [32minfo[39m: [GrpcClient] TestSessionEvent request successful
2025-12-13 18:57:03 - [32minfo[39m: [ObservabilityModule] onBeforeTest: TEST REPORTING AND ANALYTICS sync done
2025-12-13 18:57:03 - [32minfo[39m: [PlaywrightAutomationFramework] trackPlaywrightInstance: instance already exists
2025-12-13 18:57:03 - [32minfo[39m: [GrpcClient] Sending TestSessionEvent
2025-12-13 18:57:03 - [32minfo[39m: [GrpcClient] TestSessionEvent request successful
2025-12-13 18:57:03 - [32minfo[39m: [ObservabilityModule] onBeforeTest: TEST REPORTING AND ANALYTICS sync done
2025-12-13 18:57:03 - [32minfo[39m: [GrpcClient] Sending LogCreatedEvent
2025-12-13 18:57:03 - [32minfo[39m: [GrpcClient] LogCreatedEvent request successful
2025-12-13 18:57:03 - [32minfo[39m: [GrpcClient] Sending TestFrameworkEvent
2025-12-13 18:57:03 - [32minfo[39m: [GrpcClient] TestFrameworkEvent request successful
2025-12-13 18:57:03 - [32minfo[39m: [PlaywrightAutomationFramework] trackPlaywrightInstance: instance already exists
2025-12-13 18:57:03 - [32minfo[39m: [GrpcClient] Sending TestSessionEvent
2025-12-13 18:57:03 - [32minfo[39m: [GrpcClient] TestSessionEvent request successful
2025-12-13 18:57:03 - [32minfo[39m: [GrpcClient] Sending LogCreatedEvent
2025-12-13 18:57:03 - [32minfo[39m: [GrpcClient] LogCreatedEvent request successful
2025-12-13 18:57:03 - [32minfo[39m: [GrpcClient] Sending TestFrameworkEvent
2025-12-13 18:57:03 - [32minfo[39m: [ObservabilityModule] onBeforeTest: TEST REPORTING AND ANALYTICS sync done
2025-12-13 18:57:03 - [32minfo[39m: [GrpcClient] TestFrameworkEvent request successful
2025-12-13 18:57:03 - [32minfo[39m: getting screenshots results.
2025-12-13 18:57:03 - [32minfo[39m: [GrpcClient] Sending LogCreatedEvent
2025-12-13 18:57:03 - [32minfo[39m: [GrpcClient] Sending TestFrameworkEvent
2025-12-13 18:57:03 - [32minfo[39m: [GrpcClient] LogCreatedEvent request successful
2025-12-13 18:57:03 - [32minfo[39m: [GrpcClient] Sending TestFrameworkEvent
2025-12-13 18:57:03 - [32minfo[39m: [GrpcClient] TestFrameworkEvent request successful
2025-12-13 18:57:03 - [32minfo[39m: [GrpcClient] TestFrameworkEvent request successful
2025-12-13 18:57:03 - [32minfo[39m: [PlaywrightDriverModule] testId: 2de9cb50cb022a3f1ddd-fefafa0b5075d2d15cdb
2025-12-13 18:57:03 - [32minfo[39m: [PlaywrightDriverModule] testData from onAfterTest: {
  uuid: '8f90ec9a-dda0-40e5-9943-eceafdce77ef',
  test_framework_name: 'Playwright',
  test_framework_version: '1.57.0',
  test_logs: [],
  test_hooks_finished: {},
  test_hooks_started: {},
  test_uuid: '8f90ec9a-dda0-40e5-9943-eceafdce77ef',
  test_result: 'pending',
  automate_session_name: 'FopHELP header - Register button is visible and correct',
  test_file_path: '/Users/macbodya/my-first-repo/lesson19/tests/header.spec.ts',
  test_id: '2de9cb50cb022a3f1ddd-fefafa0b5075d2d15cdb',
  test_name: 'Register button is visible and correct',
  test_location: '/Users/macbodya/my-first-repo/lesson19/tests/header.spec.ts:21',
  test_code: 'async () => {\n' +
    '    (0, _test.expect)(await pageObject.header.isRegisterButtonVisible()).toBeTruthy();\n' +
    '    const text = await pageObject.header.getRegisterButtonText();\n' +
    "    (0, _test.expect)(text === null || text === void 0 ? void 0 : text.trim()).toBe('Реєстрація');\n" +
    '  }',
  test_tags: [],
  test_started_at: '2025-12-13T16:57:02.944Z',
  test_scope: 'FopHELP header - Register button is visible and correct',
  test_scopes: [ 'FopHELP header' ],
  test_rerun_name: ' chromium header.spec.ts FopHELP header Register button is visible and correct'
}
2025-12-13 18:57:03 - [32minfo[39m: [GrpcClient] Sending TestSessionEvent
2025-12-13 18:57:03 - [31merror[39m: [GrpcClient] TestSessionEvent error: 13 INTERNAL: Request message serialization failure: Failure: Type not convertible to Uint8Array.
2025-12-13 18:57:03 - [32minfo[39m: [GrpcClient] Sending TestFrameworkEvent
2025-12-13 18:57:03 - [32minfo[39m: [GrpcClient] TestFrameworkEvent request successful
2025-12-13 18:57:03 - [32minfo[39m: [PlaywrightAutomationFramework] trackPlaywrightInstance: instance already exists
2025-12-13 18:57:03 - [32minfo[39m: [PlaywrightAutomationFramework] trackPlaywrightInstance: instance already exists
2025-12-13 18:57:03 - [32minfo[39m: [GrpcClient] Sending TestSessionEvent
2025-12-13 18:57:03 - [32minfo[39m: [GrpcClient] TestSessionEvent request successful
2025-12-13 18:57:03 - [32minfo[39m: [ObservabilityModule] onBeforeTest: TEST REPORTING AND ANALYTICS sync done
2025-12-13 18:57:03 - [32minfo[39m: [PlaywrightAutomationFramework] trackPlaywrightInstance: instance already exists
2025-12-13 18:57:03 - [32minfo[39m: [GrpcClient] Sending TestSessionEvent
2025-12-13 18:57:03 - [32minfo[39m: [GrpcClient] TestSessionEvent request successful
2025-12-13 18:57:03 - [32minfo[39m: [ObservabilityModule] onBeforeTest: TEST REPORTING AND ANALYTICS sync done
2025-12-13 18:57:03 - [32minfo[39m: getting screenshots results.
2025-12-13 18:57:03 - [32minfo[39m: [GrpcClient] Sending LogCreatedEvent
2025-12-13 18:57:03 - [32minfo[39m: [GrpcClient] LogCreatedEvent request successful
2025-12-13 18:57:03 - [32minfo[39m: [GrpcClient] Sending TestFrameworkEvent
2025-12-13 18:57:03 - [32minfo[39m: [GrpcClient] TestFrameworkEvent request successful
2025-12-13 18:57:03 - [32minfo[39m: [PlaywrightDriverModule] testId: dc9d0eca95fa6a3de0a2-64e408cb435bb2773ebd
2025-12-13 18:57:03 - [32minfo[39m: [PlaywrightDriverModule] testData from onAfterTest: {
  uuid: '499440b7-4c9e-44eb-bbf4-2751b63e46b2',
  test_framework_name: 'Playwright',
  test_framework_version: '1.57.0',
  test_logs: [],
  test_hooks_finished: {},
  test_hooks_started: {},
  test_uuid: '499440b7-4c9e-44eb-bbf4-2751b63e46b2',
  test_result: 'pending',
  automate_session_name: 'FopHELP navigation menu - Reports dropdown has correct options',
  test_file_path: '/Users/macbodya/my-first-repo/lesson19/tests/navigation.menu.spec.ts',
  test_id: 'dc9d0eca95fa6a3de0a2-64e408cb435bb2773ebd',
  test_name: 'Reports dropdown has correct options',
  test_location: '/Users/macbodya/my-first-repo/lesson19/tests/navigation.menu.spec.ts:25',
  test_code: 'async () => {\n' +
    '    await pageObject.navigationMenu.openReportsDropdown();\n' +
    '    const options = await pageObject.navigationMenu.getReportsOptionsText();\n' +
    "    (0, _test.expect)(options).toEqual(['Усі', 'Поточні', 'Подані']);\n" +
    '  }',
  test_tags: [],
  test_started_at: '2025-12-13T16:57:02.990Z',
  test_scope: 'FopHELP navigation menu - Reports dropdown has correct options',
  test_scopes: [ 'FopHELP navigation menu' ],
  test_rerun_name: ' chromium navigation.menu.spec.ts FopHELP navigation menu Reports dropdown has correct options'
}
2025-12-13 18:57:03 - [32minfo[39m: [GrpcClient] Sending TestSessionEvent
2025-12-13 18:57:03 - [31merror[39m: [GrpcClient] TestSessionEvent error: 13 INTERNAL: Request message serialization failure: Failure: Type not convertible to Uint8Array.
2025-12-13 18:57:04 - [32minfo[39m: [GrpcClient] Sending LogCreatedEvent
2025-12-13 18:57:04 - [32minfo[39m: [GrpcClient] LogCreatedEvent request successful
2025-12-13 18:57:04 - [32minfo[39m: [GrpcClient] Sending TestFrameworkEvent
2025-12-13 18:57:04 - [32minfo[39m: [GrpcClient] TestFrameworkEvent request successful
2025-12-13 18:57:04 - [32minfo[39m: [PlaywrightAutomationFramework] trackPlaywrightInstance: instance already exists
2025-12-13 18:57:04 - [32minfo[39m: [GrpcClient] Sending TestSessionEvent
2025-12-13 18:57:04 - [32minfo[39m: [GrpcClient] TestSessionEvent request successful
2025-12-13 18:57:04 - [32minfo[39m: [ObservabilityModule] onBeforeTest: TEST REPORTING AND ANALYTICS sync done
2025-12-13 18:57:04 - [32minfo[39m: [PlaywrightDriverModule] testId: 2de9cb50cb022a3f1ddd-956165c7e35fc9aaf8cb
2025-12-13 18:57:04 - [32minfo[39m: [PlaywrightDriverModule] testData from onAfterTest: {
  uuid: '56a0a5b7-437f-4c47-b5dc-d7f2686e8c45',
  test_framework_name: 'Playwright',
  test_framework_version: '1.57.0',
  test_logs: [],
  test_hooks_finished: {},
  test_hooks_started: {},
  test_uuid: '56a0a5b7-437f-4c47-b5dc-d7f2686e8c45',
  test_result: 'pending',
  automate_session_name: 'FopHELP header - Login button is visible and correct',
  test_file_path: '/Users/macbodya/my-first-repo/lesson19/tests/header.spec.ts',
  test_id: '2de9cb50cb022a3f1ddd-956165c7e35fc9aaf8cb',
  test_name: 'Login button is visible and correct',
  test_location: '/Users/macbodya/my-first-repo/lesson19/tests/header.spec.ts:27',
  test_code: 'async () => {\n' +
    '    (0, _test.expect)(await pageObject.header.isLoginButtonVisible()).toBeTruthy();\n' +
    '    const text = await pageObject.header.getLoginButtonText();\n' +
    "    (0, _test.expect)(text === null || text === void 0 ? void 0 : text.trim()).toBe('Увійти');\n" +
    '  }',
  test_tags: [],
  test_started_at: '2025-12-13T16:57:03.675Z',
  test_scope: 'FopHELP header - Login button is visible and correct',
  test_scopes: [ 'FopHELP header' ],
  test_rerun_name: ' chromium header.spec.ts FopHELP header Login button is visible and correct'
}
2025-12-13 18:57:04 - [32minfo[39m: [GrpcClient] Sending TestSessionEvent
2025-12-13 18:57:04 - [31merror[39m: [GrpcClient] TestSessionEvent error: 13 INTERNAL: Request message serialization failure: Failure: Type not convertible to Uint8Array.
2025-12-13 18:57:04 - [32minfo[39m: getting screenshots results.
2025-12-13 18:57:04 - [32minfo[39m: [GrpcClient] Sending LogCreatedEvent
2025-12-13 18:57:04 - [32minfo[39m: [GrpcClient] LogCreatedEvent request successful
2025-12-13 18:57:04 - [32minfo[39m: [GrpcClient] Sending TestFrameworkEvent
2025-12-13 18:57:04 - [32minfo[39m: [GrpcClient] TestFrameworkEvent request successful
2025-12-13 18:57:04 - [32minfo[39m: [BrowserstackCLI] stop: CLI stop triggered
2025-12-13 18:57:04 - [32minfo[39m: [BrowserstackCLI] stop: CLI stop triggered
2025-12-13 18:57:04 - [32minfo[39m: [GrpcClient] Stopping bin session
2025-12-13 18:57:04 - [32minfo[39m: [GrpcClient] Stopping bin session
2025-12-13 18:57:12 - [32minfo[39m: [GrpcClient] StopBinSession successful
2025-12-13 18:57:12 - [32minfo[39m: [GrpcClient] StopBinSession successful
2025-12-13 18:57:12 - [32minfo[39m: stop: stopBinSession build_link=null hashed_id=null o11y_uuid=gkbu9ccvzf63sycwspitc1llyghavigbm40s2nnk
2025-12-13 18:57:12 - [32minfo[39m: [BrowserstackCLI] Unconfiguring modules
2025-12-13 18:57:12 - [32minfo[39m: [BrowserstackCLI] stop: channel closed
2025-12-13 18:57:12 - [32minfo[39m: [BrowserstackCLI] Unconfiguring modules
2025-12-13 18:57:12 - [32minfo[39m: [BrowserstackCLI] stop: channel closed
2025-12-13 18:57:17 - [32minfo[39m: [BrowserstackCLI] stop: shutting down CLI
2025-12-13 18:57:17 - [32minfo[39m: [BrowserstackCLI] stop: shutting down CLI
2025-12-13 18:57:17 - [32minfo[39m: [BrowserstackCLI] stop: CLI process exited
2025-12-13 18:57:17 - [32minfo[39m: [BrowserstackCLI] stop: CLI process exited
2025-12-13 18:57:17 - [32minfo[39m: Visit https://automation.browserstack.com/builds/gkbu9ccvzf63sycwspitc1llyghavigbm40s2nnk to view build report, insights, and many more debugging information all at one place!

2025-12-13 18:57:18 - [32minfo[39m: SDK run ended for id: 472a0e86-d37b-4473-b058-9d71acb17298, testhub id: gkbu9ccvzf63sycwspitc1llyghavigbm40s2nnk
2025-12-13 18:57:18 - [32minfo[39m: SDK run ended for id: 472a0e86-d37b-4473-b058-9d71acb17298, testhub id: gkbu9ccvzf63sycwspitc1llyghavigbm40s2nnk
2025-12-13 18:57:21 - [32minfo[39m: Deleting /Users/macbodya/my-first-repo/lesson19/playwright-browserstack-sdk.config.ts
2025-12-13 18:57:21 - [32minfo[39m: Deleting /Users/macbodya/my-first-repo/lesson19/playwright-browserstack-sdk.config.ts
